// Jest Snapshot v1, https://goo.gl/fbAQLP

exports[`<AppUseInstructionScreen /> should render properly 1`] = `
<AppUseInstructionScreen
  getAppUseInstruction={[Function]}
  store={
    Object {
      "clearActions": [Function],
      "dispatch": [Function],
      "getActions": [Function],
      "getState": [Function],
      "replaceReducer": [Function],
      "subscribe": [Function],
    }
  }
/>
`;
